/*********************/
/***** read only *****/
/*********************/

uint32_t            DS_PACKET_COUNT;
uint32_t            DS_ERROR_COUNT;
uint32_t            CONTROL_INTERFACE;
uint32_t            COUNTER_1HZ;

// CNC Controller State (0=IDLE, 1=HOMING, 2=READY, 3=RUNNING, 4=PAUSED, 5=ERROR, 6=E_STOP)
uint32_t            CONTROLLER_STATE;

// Motor encoder positions
int32_t             MOTOR_X_ENCODER;
int32_t             MOTOR_Y_ENCODER;
int32_t             MOTOR_Z_ENCODER;

// Spindle status
uint32_t            SPINDLE_RPM;
uint32_t            SPINDLE_LOAD;

// Motor/spindle enabled status
uint32_t            MOTOR_X_ENABLED;
uint32_t            MOTOR_Y_ENABLED;
uint32_t            MOTOR_Z_ENABLED;
uint32_t            SPINDLE_ENABLED;

/*********************/
/**** read/write *****/
/*********************/

// Motor position setpoints
int32_t             MOTOR_X_SETPOINT;
int32_t             MOTOR_Y_SETPOINT;
int32_t             MOTOR_Z_SETPOINT;

// Spindle speed setpoint
uint32_t            SPINDLE_SPEED_SETPOINT;

// Jog distance (encoder counts per jog step)
uint32_t            JOG_DISTANCE;
